// Jest Snapshot v1, https://goo.gl/fbAQLP

exports[`<App /> renders correctly 1`] = `
<div
  class="columns is-marginless"
>
  <side-menu-stub />
   
  <div
    class="column is-offset-3-tablet is-offset-2-widescreen is-9-tablet is-10-widescreen is-paddingless"
  >
    <splitpanes-stub
      dblclicksplitter="true"
      pushotherpanes="true"
    >
      <pane-stub
        maxsize="100"
        minsize="0"
      >
        <router-view-stub />
      </pane-stub>
       
    </splitpanes-stub>
  </div>
</div>
`;
