// Jest Snapshot v1, https://goo.gl/fbAQLP

exports[`<LogEventSource /> renders correctly 1`] = `
<div>
  <ul
    class="events"
  />
</div>
`;
